PS D:\Devops\Practice> docker images
REPOSITORY                      TAG       IMAGE ID       CREATED        SIZE
devopsyousafzai94/first_image   latest    4f83f52a83ea   16 hours ago   157MB
first_image                     latest    4f83f52a83ea   16 hours ago   157MB
second_image                    latest    4f83f52a83ea   16 hours ago   157MB
PS D:\Devops\Practice> docker push devopsyousafzai94/first_image
Using default tag: latest
The push refers to repository [docker.io/devopsyousafzai94/first_image]
a94420d4a4fa: Preparing
4454dc2f9f61: Preparing
03433140b368: Preparing
50f6b9dbf74c: Preparing
b61889ca72d3: Preparing
0996a3d20f62: Waiting
0e5209a3d7d4: Waiting
30e7249f6651: Waiting
denied: requested access to the resource is denied


PS D:\Devops\Practice> docker logout
Removing login credentials for https://index.docker.io/v1/
PS D:\Devops\Practice> docker login registry-1.docker.io
Authenticating with existing credentials...
Login Succeeded

PS D:\Devops\Practice> docker logout
Removing login credentials for https://index.docker.io/v1/

PS D:\Devops\Practice> docker images
REPOSITORY                      TAG       IMAGE ID       CREATED        SIZE
devopsyousafzai94/first_image   latest    4f83f52a83ea   16 hours ago   157MB
first_image                     latest    4f83f52a83ea   16 hours ago   157MB
second_image                    latest    4f83f52a83ea   16 hours ago   157MB
PS D:\Devops\Practice>  docker build -t second_image
ERROR: "docker buildx build" requires exactly 1 argument.
See 'docker buildx build --help'.

Usage:  docker buildx build [OPTIONS] PATH | URL | -

Start a build
PS D:\Devops\Practice>  docker build -t second_image .
[+] Building 5.0s (9/9) FINISHED                                                                         docker:default
 => [internal] load build definition from Dockerfile                                                               0.0s
 => => transferring dockerfile: 394B                                                                               0.0s
 => [internal] load .dockerignore                                                                                  0.0s
 => => transferring context: 2B                                                                                    0.0s
 => [internal] load metadata for docker.io/library/python:3.11.7-slim-bullseye                                     4.7s
 => [1/4] FROM docker.io/library/python:3.11.7-slim-bullseye@sha256:86cad05977011ea3c1b708e869057feb392eb99cb2b9f  0.0s
 => [internal] load build context                                                                                  0.0s
 => => transferring context: 64B                                                                                   0.0s
 => CACHED [2/4] COPY app1.py app1.py                                                                              0.0s
 => CACHED [3/4] COPY requirements.txt requirements.txt                                                            0.0s
 => CACHED [4/4] RUN  pip install -r requirements.txt                                                              0.0s
 => exporting to image                                                                                             0.0s
 => => exporting layers                                                                                            0.0s
 => => writing image sha256:4f83f52a83eab9c82e93ea9a23c408bf070eae89e53980075469c115ba605fe9                       0.0s
 => => naming to docker.io/library/second_image                                                                    0.0s

View build details: docker-desktop://dashboard/build/default/default/s46ygmyfyurqtdmrsu1dey1gf

What's Next?
  View a summary of image vulnerabilities and recommendations â†’ docker scout quickview
PS D:\Devops\Practice>  docker images
REPOSITORY                      TAG       IMAGE ID       CREATED        SIZE
devopsyousafzai94/first_image   latest    4f83f52a83ea   16 hours ago   157MB
first_image                     latest    4f83f52a83ea   16 hours ago   157MB
second_image                    latest    4f83f52a83ea   16 hours ago   157MB


PS D:\Devops\Practice>  docker tag second_image:latest devopsyousafzai/second_image:lastest
PS D:\Devops\Practice> docker images
REPOSITORY                      TAG       IMAGE ID       CREATED        SIZE
devopsyousafzai/second_image    lastest   4f83f52a83ea   16 hours ago   157MB
devopsyousafzai94/first_image   latest    4f83f52a83ea   16 hours ago   157MB
first_image                     latest    4f83f52a83ea   16 hours ago   157MB
second_image                    latest    4f83f52a83ea   16 hours ago   157MB

PS D:\Devops\Practice> docker push devopsyousafzai/second_image
Using default tag: latest
The push refers to repository [docker.io/devopsyousafzai/second_image]
tag does not exist: devopsyousafzai/second_image:latest
PS D:\Devops\Practice> docker push devopsyousafzai/second_image:lastest
The push refers to repository [docker.io/devopsyousafzai/second_image]
a94420d4a4fa: Preparing
4454dc2f9f61: Preparing
03433140b368: Preparing
50f6b9dbf74c: Preparing
b61889ca72d3: Preparing
0996a3d20f62: Waiting
0e5209a3d7d4: Waiting
30e7249f6651: Waiting
denied: requested access to the resource is denied

PS D:\Devops\Practice> docker images
REPOSITORY                      TAG       IMAGE ID       CREATED        SIZE
devopsyousafzai/second_image    lastest   4f83f52a83ea   16 hours ago   157MB
devopsyousafzai94/first_image   latest    4f83f52a83ea   16 hours ago   157MB
first_image                     latest    4f83f52a83ea   16 hours ago   157MB
second_image                    latest    4f83f52a83ea   16 hours ago   157MB


PS D:\Devops\Practice> docker image inspect 4f83f52a83ea
[
    {
        "Id": "sha256:4f83f52a83eab9c82e93ea9a23c408bf070eae89e53980075469c115ba605fe9",
        "RepoTags": [
            "devopsyousafzai/second_image:lastest",
            "devopsyousafzai94/first_image:latest",
            "first_image:latest",
            "second_image:latest"
        ],
        "RepoDigests": [],
        "Parent": "",
        "Comment": "buildkit.dockerfile.v0",
        "Created": "2024-02-03T18:44:14.504354364Z",
        "Container": "",
        "ContainerConfig": {
            "Hostname": "",
            "Domainname": "",
            "User": "",
            "AttachStdin": false,
            "AttachStdout": false,
            "AttachStderr": false,
            "Tty": false,
            "OpenStdin": false,
            "StdinOnce": false,
            "Env": null,
            "Cmd": null,
            "Image": "",
            "Volumes": null,
            "WorkingDir": "",
            "Entrypoint": null,
            "OnBuild": null,
            "Labels": null
        },
        "DockerVersion": "",
        "Author": "",
        "Config": {
            "Hostname": "",
            "Domainname": "",
            "User": "",
            "AttachStdin": false,
            "AttachStdout": false,
            "AttachStderr": false,
            "ExposedPorts": {
                "1010/tcp": {}
            },
            "Tty": false,
            "OpenStdin": false,
            "StdinOnce": false,
            "Env": [
                "PATH=/usr/local/bin:/usr/local/sbin:/usr/local/bin:/usr/sbin:/usr/bin:/sbin:/bin",
                "LANG=C.UTF-8",
                "GPG_KEY=A035C8C19219BA821ECEA86B64E628F8D684696D",
                "PYTHON_VERSION=3.11.7",
                "PYTHON_PIP_VERSION=23.2.1",
                "PYTHON_SETUPTOOLS_VERSION=65.5.1",
                "PYTHON_GET_PIP_URL=https://github.com/pypa/get-pip/raw/049c52c665e8c5fd1751f942316e0a5c777d304f/public/get-pip.py",
                "PYTHON_GET_PIP_SHA256=7cfd4bdc4d475ea971f1c0710a5953bcc704d171f83c797b9529d9974502fcc6"
            ],
            "Cmd": null,
            "ArgsEscaped": true,
            "Image": "",
            "Volumes": null,
            "WorkingDir": "",
            "Entrypoint": [
                "python",
                "app1.py"
            ],
            "OnBuild": null,
            "Labels": null
        },
        "Architecture": "amd64",
        "Os": "linux",
        "Size": 157466517,
        "VirtualSize": 157466517,
        "GraphDriver": {
            "Data": {
                "LowerDir": "/var/lib/docker/overlay2/eezefmahljqyj2dmy07j08gx4/diff:/var/lib/docker/overlay2/7vga3863xlyf7lqu7wwbtcjdk/diff:/var/lib/docker/overlay2/d033b6a389cffbeab4d660aae5a54c6ac6b378cde211abb0ac663848ec3d0fae/diff:/var/lib/docker/overlay2/49badda6fd533057eccae15687310e023066db00ec39492c03b0db6f37dd4678/diff:/var/lib/docker/overlay2/98e41cbc330724dde59ee8a179691a010aca846da838923215823f33fc6e733b/diff:/var/lib/docker/overlay2/02b451e86ba90a93830ddb0566a01eaa1e5bb64cfe7dfad8591cf1e27f7dcac2/diff:/var/lib/docker/overlay2/4f8360d31caed7b24b2e86e17e50d4dfe52fa2cfa09b6eaee497e88c8d0c473c/diff",
                "MergedDir": "/var/lib/docker/overlay2/tnkd4y9h94362t7z8yozptibn/merged",
                "UpperDir": "/var/lib/docker/overlay2/tnkd4y9h94362t7z8yozptibn/diff",
                "WorkDir": "/var/lib/docker/overlay2/tnkd4y9h94362t7z8yozptibn/work"
            },
            "Name": "overlay2"
        },
        "RootFS": {
            "Type": "layers",
            "Layers": [
                "sha256:30e7249f665175a199dd1def2a675362b27f41d055c2921a633ddcae12d458c8",
                "sha256:0e5209a3d7d42bed69e1e8e14295bbb86f8666a2de8db4d57878e836c122e875",
                "sha256:0996a3d20f62a4a67880fd373bf79e2ea951474c7a9f8a557d2937c6d7a5d763",
                "sha256:b61889ca72d3702a94a7c4e521c9ce4478697f6cc32c805a23cc17d75a300107",
                "sha256:50f6b9dbf74c31b67cd5bcacd06490b957c6d120696fd993a87ab65d9f618fdd",
                "sha256:03433140b3689dfd0637d1d05d5c73fa933b440511ad5ca33448390610222fda",
                "sha256:4454dc2f9f6196de02aeb767d5cd6947f50b3dd99217e60da83ac7f728ea4ab1",
                "sha256:a94420d4a4faeaf03cc21276c1f254c009ff2567bdac156ef11dd03437969b36"
            ]
        },
        "Metadata": {
            "LastTagTime": "2024-02-04T11:00:30.039169566Z"
        }
    }
]
PS D:\Devops\Practice>

PS D:\Devops\Practice> docker push devopsyousafzai94/first_image:latest
The push refers to repository [docker.io/devopsyousafzai94/first_image]
a94420d4a4fa: Preparing
4454dc2f9f61: Preparing
03433140b368: Preparing
50f6b9dbf74c: Preparing
b61889ca72d3: Preparing
0996a3d20f62: Waiting
0e5209a3d7d4: Waiting
30e7249f6651: Waiting
denied: requested access to the resource is denied

PS D:\Devops\Practice> docker images
REPOSITORY                      TAG       IMAGE ID       CREATED        SIZE
devopsyousafzai94/first_image   latest    4f83f52a83ea   16 hours ago   157MB
first_image                     latest    4f83f52a83ea   16 hours ago   157MB
second_image                    latest    4f83f52a83ea   16 hours ago   157MB
devopsyousafzai/second_image    lastest   4f83f52a83ea   16 hours ago   157MB

PS D:\Devops\Practice> docker rm -vf $(docker ps -aq)
f2eb9e818f84
PS D:\Devops\Practice> docker images
REPOSITORY                      TAG       IMAGE ID       CREATED        SIZE
second_image                    latest    4f83f52a83ea   16 hours ago   157MB
devopsyousafzai/second_image    lastest   4f83f52a83ea   16 hours ago   157MB
devopsyousafzai94/first_image   latest    4f83f52a83ea   16 hours ago   157MB
first_image                     latest    4f83f52a83ea   16 hours ago   157MB



PS D:\Devops\Practice> docker build -t assignement_a:0.1 .
[+] Building 5.2s (9/9) FINISHED                                                                                                                                                                  docker:default
 => [internal] load .dockerignore                                                                                                                                                                           0.0s
 => => transferring context: 2B                                                                                                                                                                             0.0s
 => [internal] load build definition from Dockerfile                                                                                                                                                        0.0s
 => => transferring dockerfile: 394B                                                                                                                                                                        0.0s
 => [internal] load metadata for docker.io/library/python:3.11.7-slim-bullseye                                                                                                                              5.0s
 => [1/4] FROM docker.io/library/python:3.11.7-slim-bullseye@sha256:86cad05977011ea3c1b708e869057feb392eb99cb2b9f428d33bde6fe84c2288                                                                        0.0s
 => [internal] load build context                                                                                                                                                                           0.0s
 => => transferring context: 64B                                                                                                                                                                            0.0s
 => CACHED [2/4] COPY app1.py app1.py                                                                                                                                                                       0.0s
 => CACHED [3/4] COPY requirements.txt requirements.txt                                                                                                                                                     0.0s
 => CACHED [4/4] RUN  pip install -r requirements.txt                                                                                                                                                       0.0s
 => exporting to image                                                                                                                                                                                      0.0s
 => => exporting layers                                                                                                                                                                                     0.0s
 => => writing image sha256:4f83f52a83eab9c82e93ea9a23c408bf070eae89e53980075469c115ba605fe9                                                                                                                0.0s
 => => naming to docker.io/library/assignement_a:0.1                                                                                                                                                        0.0s

View build details: docker-desktop://dashboard/build/default/default/jhwliyvmlqymzfjsb8g5dx903

What's Next?
  View a summary of image vulnerabilities and recommendations â†’ docker scout quickview
PS D:\Devops\Practice> docker images
REPOSITORY      TAG       IMAGE ID       CREATED        SIZE
assignement_a   0.1       4f83f52a83ea   17 hours ago   157MB

PS D:\Devops\Practice> docker images
REPOSITORY      TAG       IMAGE ID       CREATED        SIZE
assignement_a   0.1       4f83f52a83ea   17 hours ago   157MB

PS D:\Devops\Practice> docker tag assignement_a:0.1 devopsyousafzai/assignement:0.1
PS D:\Devops\Practice> docker push devopsyousafzai/assignement:0.1
The push refers to repository [docker.io/devopsyousafzai/assignement]
a94420d4a4fa: Preparing
4454dc2f9f61: Preparing
03433140b368: Preparing
50f6b9dbf74c: Preparing
b61889ca72d3: Preparing
0996a3d20f62: Waiting
0e5209a3d7d4: Waiting
30e7249f6651: Waiting
denied: requested access to the resource is denied
PS D:\Devops\Practice> docker push devopsyousafzai/assignement:0.1
The push refers to repository [docker.io/devopsyousafzai/assignement]
a94420d4a4fa: Preparing
4454dc2f9f61: Preparing
03433140b368: Preparing
50f6b9dbf74c: Preparing
b61889ca72d3: Preparing
0996a3d20f62: Waiting
0e5209a3d7d4: Waiting
30e7249f6651: Waiting
denied: requested access to the resource is denied


PS D:\Devops\Practice> docker push devopsyousafzai94/first_image/assignement1:0.1